// Jest Snapshot v1, https://goo.gl/fbAQLP

exports[`graphql scalars / scalarsResolver createScalarResolvers 1`] = `
Object {
  "Date": "Date",
  "DateTime": "DateTime",
  "EmailAddress": "Email",
  "PhoneNumber": "Phone",
  "UUID": "UUID",
}
`;
